Note: Unnecessary use of -X or --request, POST is already inferred.
  % Total    % Received % Xferd  Average Speed  Time    Time    Time   Current
                                 Dload  Upload  Total   Spent   Left   Speed
  0      0   0      0   0      0      0      0                              0* Host duck.ai:443 was resolved.
* IPv6: (none)
* IPv4: 52.142.124.215
*   Trying 52.142.124.215:443...
* ALPN: curl offers h2,http/1.1
} [5 bytes data]
* TLSv1.3 (OUT), TLS handshake, Client hello (1):
} [1558 bytes data]
* SSL Trust Anchors:
*   CAfile: /data/data/com.termux/files/usr/etc/tls/cert.pem
*   CApath: /data/data/com.termux/files/usr/etc/tls/certs
{ [5 bytes data]
* TLSv1.3 (IN), TLS handshake, Server hello (2):
{ [1210 bytes data]
* TLSv1.3 (IN), TLS change cipher, Change cipher spec (1):
{ [1 bytes data]
* TLSv1.3 (IN), TLS handshake, Encrypted Extensions (8):
{ [19 bytes data]
* TLSv1.3 (IN), TLS handshake, Certificate (11):
{ [2582 bytes data]
* TLSv1.3 (IN), TLS handshake, CERT verify (15):
{ [264 bytes data]
* TLSv1.3 (IN), TLS handshake, Finished (20):
{ [52 bytes data]
* TLSv1.3 (OUT), TLS change cipher, Change cipher spec (1):
} [1 bytes data]
* TLSv1.3 (OUT), TLS handshake, Finished (20):
} [52 bytes data]
* SSL connection using TLSv1.3 / TLS_AES_256_GCM_SHA384 / X25519MLKEM768 / RSASSA-PSS
* ALPN: server accepted h2
* Server certificate:
*   subject: CN=*.duck.ai
*   start date: Jan  3 16:21:37 2026 GMT
*   expire date: Apr  3 16:21:36 2026 GMT
*   issuer: C=US; O=Let's Encrypt; CN=R13
*   Certificate level 0: Public key type RSA (2048/112 Bits/secBits), signed using sha256WithRSAEncryption
*   Certificate level 1: Public key type RSA (2048/112 Bits/secBits), signed using sha256WithRSAEncryption
*   Certificate level 2: Public key type RSA (4096/152 Bits/secBits), signed using sha256WithRSAEncryption
*   subjectAltName: "duck.ai" matches cert's "duck.ai"
* SSL certificate verified via OpenSSL.
* Established connection to duck.ai (52.142.124.215 port 443) from 192.168.0.8 port 50472 
* using HTTP/2
* [HTTP/2] [1] OPENED stream for https://duck.ai/duckchat/v1/chat
* [HTTP/2] [1] [:method: POST]
* [HTTP/2] [1] [:scheme: https]
* [HTTP/2] [1] [:authority: duck.ai]
* [HTTP/2] [1] [:path: /duckchat/v1/chat]
* [HTTP/2] [1] [user-agent: curl/8.18.0]
* [HTTP/2] [1] [accept: */*]
* [HTTP/2] [1] [content-type: application/json]
* [HTTP/2] [1] [origin: https://duck.ai]
* [HTTP/2] [1] [referer: https://duck.ai/]
* [HTTP/2] [1] [content-length: 69]
} [5 bytes data]
> POST /duckchat/v1/chat HTTP/2
> Host: duck.ai
> User-Agent: curl/8.18.0
> Accept: */*
> content-type: application/json
> origin: https://duck.ai
> referer: https://duck.ai/
> Content-Length: 69
> 
} [69 bytes data]
* upload completely sent off: 69 bytes
} [5 bytes data]
* TLSv1.3 (IN), TLS handshake, Newsession Ticket (4):
{ [265 bytes data]
* TLSv1.3 (IN), TLS handshake, Newsession Ticket (4):
{ [265 bytes data]
< HTTP/2 418 
< server: nginx
< date: Wed, 11 Mar 2026 11:35:56 GMT
< content-type: application/json; charset=utf-8
< content-length: 591
< etag: W/"24f-zrIbIo5VPe01+hfiBhEwIsfdE2c"
< strict-transport-security: max-age=0
< permissions-policy: interest-cohort=()
< x-frame-options: SAMEORIGIN
< x-xss-protection: 1;mode=block
< x-content-type-options: nosniff
< referrer-policy: origin
< expect-ct: max-age=0
< 
{ [591 bytes data]
100    660 100    591 100     69    371     43   00:01   00:01            414100    660 100    591 100     69    370     43   00:01   00:01            414100    660 100    591 100     69    370     43   00:01   00:01            414100    660 100    591 100     69    370     43   00:01   00:01            414
* Connection #0 to host duck.ai:443 left intact
{"action":"error","status":418,"type":"ERR_CHALLENGE","overrideCode":"66d9","cd":{"q":"","cc":"duckchat","s":"index","iadb":"1","r":"eun","e":0,"er":null,"gk":"d4cd0dabcf4caa22ad92fab40844c786","i":"3","o":"C%2B4Lygt9JKgeI1WNSZ5nceWb30fimyxj%2BslIL4smOnL4MDpWE53l8Szf2pfmvLWL%0A","p":"05415b3fdbd84f03a9e0b40f7e955773-d72c36ab4cb24f49969ecef4b2b88ad1-68b1202301f9410fb071405447975abb-7214b7e37ba3470a80a60db40c289c0e-fad3b7b5245d4c0a8921bd58571f3b34-46f687ae80f54aa99cf6c2e82e12e2fa-8b6a03b5f59d4934a3e305dfa73704c8-b2bc87e6b34e4727be28a92cdb1b9d17-76473873b0264a57befa92d9e9d322f6","sc":1}}